[INFO] Scanning for projects...
[INFO] 
[INFO] ------------------------< com.learning:english >------------------------
[INFO] Building  0.0.1-SNAPSHOT
[INFO]   from pom.xml
[INFO] --------------------------------[ war ]---------------------------------
[INFO] 
[INFO] --- resources:3.3.1:resources (default-resources) @ english ---
[INFO] Copying 1 resource from src\main\resources to target\classes
[INFO] Copying 0 resource from src\main\resources to target\classes
[INFO] 
[INFO] --- compiler:3.13.0:compile (default-compile) @ english ---
[INFO] Recompiling the module because of changed source code.
[INFO] Compiling 252 source files with javac [debug parameters release 17] to target\classes
[INFO] -------------------------------------------------------------
[WARNING] COMPILATION WARNING : 
[INFO] -------------------------------------------------------------
[WARNING] /D:/1.khoaluantotnghiep/backend/english/src/main/java/com/learning/english/entity/TeacherProfile.java:[57,38] @Builder will ignore the initializing expression entirely. If you want the initializing expression to serve as default, add @Builder.Default. If it is not supposed to be settable during building, make the field final.
[WARNING] /D:/1.khoaluantotnghiep/backend/english/src/main/java/com/learning/english/entity/CourseItem.java:[32,21] @Builder will ignore the initializing expression entirely. If you want the initializing expression to serve as default, add @Builder.Default. If it is not supposed to be settable during building, make the field final.
[WARNING] /D:/1.khoaluantotnghiep/backend/english/src/main/java/com/learning/english/mapper/LessonMapper.java:[23,24] Unmapped target property: "isPreviewFree".
[WARNING] /D:/1.khoaluantotnghiep/backend/english/src/main/java/com/learning/english/mapper/LessonMapper.java:[78,33] Unmapped target properties: "lessonOrder, videos, vocabularies, grammars, questions".
[WARNING] /D:/1.khoaluantotnghiep/backend/english/src/main/java/com/learning/english/mapper/PracticeConfigMapper.java:[126,34] Unmapped target property: "words".
[WARNING] /D:/1.khoaluantotnghiep/backend/english/src/main/java/com/learning/english/mapper/CourseMapper.java:[34,33] Unmapped target properties: "originalPrice, teacherBio, teacherCourseCount, lessonCount, studentCount, rating, reviewCount, isEnrolled".
[WARNING] /D:/1.khoaluantotnghiep/backend/english/src/main/java/com/learning/english/mapper/PersonalPracticeMapper.java:[12,34] Unmapped target property: "userId".
[INFO] 7 warnings 
[INFO] -------------------------------------------------------------
[INFO] -------------------------------------------------------------
[ERROR] COMPILATION ERROR : 
[INFO] -------------------------------------------------------------
[ERROR] /D:/1.khoaluantotnghiep/backend/english/src/main/java/com/learning/english/controller/AiChatController.java:[10,41] cannot find symbol
  symbol:   class CourseRecommendationResponse
  location: package com.learning.english.dto.response
[ERROR] /D:/1.khoaluantotnghiep/backend/english/src/main/java/com/learning/english/controller/AiChatController.java:[12,36] cannot find symbol
  symbol:   class AiCourseRecommendationService
  location: package com.learning.english.service
[ERROR] /D:/1.khoaluantotnghiep/backend/english/src/main/java/com/learning/english/service/AiChatService.java:[19,35] cannot find symbol
  symbol:   class AiChatHistory
  location: package com.learning.english.entity
[ERROR] /D:/1.khoaluantotnghiep/backend/english/src/main/java/com/learning/english/service/AiChatService.java:[21,39] cannot find symbol
  symbol:   class AiChatHistoryRepository
  location: package com.learning.english.repository
[ERROR] /D:/1.khoaluantotnghiep/backend/english/src/main/java/com/learning/english/controller/AiChatController.java:[22,5] cannot find symbol
  symbol:   class AiCourseRecommendationService
  location: class com.learning.english.controller.AiChatController
[ERROR] /D:/1.khoaluantotnghiep/backend/english/src/main/java/com/learning/english/controller/AiChatController.java:[32,27] cannot find symbol
  symbol:   class CourseRecommendationResponse
  location: class com.learning.english.controller.AiChatController
[ERROR] /D:/1.khoaluantotnghiep/backend/english/src/main/java/com/learning/english/service/AiChatService.java:[40,5] cannot find symbol
  symbol:   class AiChatHistoryRepository
  location: class com.learning.english.service.AiChatService
[ERROR] /D:/1.khoaluantotnghiep/backend/english/src/main/java/com/learning/english/service/AiChatService.java:[89,18] cannot find symbol
  symbol:   class AiChatHistory
  location: class com.learning.english.service.AiChatService
[ERROR] /D:/1.khoaluantotnghiep/backend/english/src/main/java/com/learning/english/service/AiChatService.java:[101,18] cannot find symbol
  symbol:   class AiChatHistory
  location: class com.learning.english.service.AiChatService
[ERROR] /D:/1.khoaluantotnghiep/backend/english/src/main/java/com/learning/english/service/AiChatService.java:[194,18] cannot find symbol
  symbol:   class AiChatHistory
  location: class com.learning.english.service.AiChatService
[ERROR] /D:/1.khoaluantotnghiep/backend/english/src/main/java/com/learning/english/controller/ExamController.java:[4,40] cannot find symbol
  symbol:   class ExamUpdateRequest
  location: package com.learning.english.dto.request
[ERROR] /D:/1.khoaluantotnghiep/backend/english/src/main/java/com/learning/english/service/ExamService.java:[12,40] cannot find symbol
  symbol:   class ExamUpdateRequest
  location: package com.learning.english.dto.request
[ERROR] /D:/1.khoaluantotnghiep/backend/english/src/main/java/com/learning/english/service/ExamQuestionService.java:[5,40] cannot find symbol
  symbol:   class ExamQuestionManyRequest
  location: package com.learning.english.dto.request
[ERROR] /D:/1.khoaluantotnghiep/backend/english/src/main/java/com/learning/english/controller/ExamController.java:[59,71] cannot find symbol
  symbol:   class ExamUpdateRequest
  location: class com.learning.english.controller.ExamController
[ERROR] /D:/1.khoaluantotnghiep/backend/english/src/main/java/com/learning/english/service/ExamQuestionService.java:[113,17] cannot find symbol
  symbol:   class ExamQuestionManyRequest
  location: class com.learning.english.service.ExamQuestionService
[ERROR] /D:/1.khoaluantotnghiep/backend/english/src/main/java/com/learning/english/service/ExamService.java:[111,42] cannot find symbol
  symbol:   class ExamUpdateRequest
  location: class com.learning.english.service.ExamService
[ERROR] /D:/1.khoaluantotnghiep/backend/english/src/main/java/com/learning/english/controller/ExamQuestionController.java:[5,40] cannot find symbol
  symbol:   class ExamQuestionManyRequest
  location: package com.learning.english.dto.request
[ERROR] /D:/1.khoaluantotnghiep/backend/english/src/main/java/com/learning/english/controller/ExamQuestionController.java:[40,38] cannot find symbol
  symbol:   class ExamQuestionManyRequest
  location: class com.learning.english.controller.ExamQuestionController
[ERROR] /D:/1.khoaluantotnghiep/backend/english/src/main/java/com/learning/english/controller/LessonController.java:[19,40] cannot find symbol
  symbol:   class ReorderCourseItemsRequest
  location: package com.learning.english.dto.request
[ERROR] /D:/1.khoaluantotnghiep/backend/english/src/main/java/com/learning/english/controller/LessonController.java:[26,36] cannot find symbol
  symbol:   class CourseItemService
  location: package com.learning.english.service
[ERROR] /D:/1.khoaluantotnghiep/backend/english/src/main/java/com/learning/english/controller/LessonController.java:[36,9] cannot find symbol
  symbol:   class CourseItemService
  location: class com.learning.english.controller.LessonController
[ERROR] /D:/1.khoaluantotnghiep/backend/english/src/main/java/com/learning/english/controller/LessonController.java:[46,38] cannot find symbol
  symbol:   class ReorderCourseItemsRequest
  location: class com.learning.english.controller.LessonController
[ERROR] /D:/1.khoaluantotnghiep/backend/english/src/main/java/com/learning/english/controller/VideoController.java:[11,40] cannot find symbol
  symbol:   class VideoUpdateRequest
  location: package com.learning.english.dto.request
[ERROR] /D:/1.khoaluantotnghiep/backend/english/src/main/java/com/learning/english/service/VideoService.java:[14,40] cannot find symbol
  symbol:   class VideoUpdateRequest
  location: package com.learning.english.dto.request
[ERROR] /D:/1.khoaluantotnghiep/backend/english/src/main/java/com/learning/english/controller/VideoController.java:[32,101] cannot find symbol
  symbol:   class VideoUpdateRequest
  location: class com.learning.english.controller.VideoController
[ERROR] /D:/1.khoaluantotnghiep/backend/english/src/main/java/com/learning/english/service/VideoService.java:[92,66] cannot find symbol
  symbol:   class VideoUpdateRequest
  location: class com.learning.english.service.VideoService
[INFO] 26 errors 
[INFO] -------------------------------------------------------------
[INFO] ------------------------------------------------------------------------
[INFO] BUILD FAILURE
[INFO] ------------------------------------------------------------------------
[INFO] Total time:  9.257 s
[INFO] Finished at: 2026-05-29T00:15:22+07:00
[INFO] ------------------------------------------------------------------------
[ERROR] Failed to execute goal org.apache.maven.plugins:maven-compiler-plugin:3.13.0:compile (default-compile) on project english: Compilation failure: Compilation failure: 
[ERROR] /D:/1.khoaluantotnghiep/backend/english/src/main/java/com/learning/english/controller/AiChatController.java:[10,41] cannot find symbol
[ERROR]   symbol:   class CourseRecommendationResponse
[ERROR]   location: package com.learning.english.dto.response
[ERROR] /D:/1.khoaluantotnghiep/backend/english/src/main/java/com/learning/english/controller/AiChatController.java:[12,36] cannot find symbol
[ERROR]   symbol:   class AiCourseRecommendationService
[ERROR]   location: package com.learning.english.service
[ERROR] /D:/1.khoaluantotnghiep/backend/english/src/main/java/com/learning/english/service/AiChatService.java:[19,35] cannot find symbol
[ERROR]   symbol:   class AiChatHistory
[ERROR]   location: package com.learning.english.entity
[ERROR] /D:/1.khoaluantotnghiep/backend/english/src/main/java/com/learning/english/service/AiChatService.java:[21,39] cannot find symbol
[ERROR]   symbol:   class AiChatHistoryRepository
[ERROR]   location: package com.learning.english.repository
[ERROR] /D:/1.khoaluantotnghiep/backend/english/src/main/java/com/learning/english/controller/AiChatController.java:[22,5] cannot find symbol
[ERROR]   symbol:   class AiCourseRecommendationService
[ERROR]   location: class com.learning.english.controller.AiChatController
[ERROR] /D:/1.khoaluantotnghiep/backend/english/src/main/java/com/learning/english/controller/AiChatController.java:[32,27] cannot find symbol
[ERROR]   symbol:   class CourseRecommendationResponse
[ERROR]   location: class com.learning.english.controller.AiChatController
[ERROR] /D:/1.khoaluantotnghiep/backend/english/src/main/java/com/learning/english/service/AiChatService.java:[40,5] cannot find symbol
[ERROR]   symbol:   class AiChatHistoryRepository
[ERROR]   location: class com.learning.english.service.AiChatService
[ERROR] /D:/1.khoaluantotnghiep/backend/english/src/main/java/com/learning/english/service/AiChatService.java:[89,18] cannot find symbol
[ERROR]   symbol:   class AiChatHistory
[ERROR]   location: class com.learning.english.service.AiChatService
[ERROR] /D:/1.khoaluantotnghiep/backend/english/src/main/java/com/learning/english/service/AiChatService.java:[101,18] cannot find symbol
[ERROR]   symbol:   class AiChatHistory
[ERROR]   location: class com.learning.english.service.AiChatService
[ERROR] /D:/1.khoaluantotnghiep/backend/english/src/main/java/com/learning/english/service/AiChatService.java:[194,18] cannot find symbol
[ERROR]   symbol:   class AiChatHistory
[ERROR]   location: class com.learning.english.service.AiChatService
[ERROR] /D:/1.khoaluantotnghiep/backend/english/src/main/java/com/learning/english/controller/ExamController.java:[4,40] cannot find symbol
[ERROR]   symbol:   class ExamUpdateRequest
[ERROR]   location: package com.learning.english.dto.request
[ERROR] /D:/1.khoaluantotnghiep/backend/english/src/main/java/com/learning/english/service/ExamService.java:[12,40] cannot find symbol
[ERROR]   symbol:   class ExamUpdateRequest
[ERROR]   location: package com.learning.english.dto.request
[ERROR] /D:/1.khoaluantotnghiep/backend/english/src/main/java/com/learning/english/service/ExamQuestionService.java:[5,40] cannot find symbol
[ERROR]   symbol:   class ExamQuestionManyRequest
[ERROR]   location: package com.learning.english.dto.request
[ERROR] /D:/1.khoaluantotnghiep/backend/english/src/main/java/com/learning/english/controller/ExamController.java:[59,71] cannot find symbol
[ERROR]   symbol:   class ExamUpdateRequest
[ERROR]   location: class com.learning.english.controller.ExamController
[ERROR] /D:/1.khoaluantotnghiep/backend/english/src/main/java/com/learning/english/service/ExamQuestionService.java:[113,17] cannot find symbol
[ERROR]   symbol:   class ExamQuestionManyRequest
[ERROR]   location: class com.learning.english.service.ExamQuestionService
[ERROR] /D:/1.khoaluantotnghiep/backend/english/src/main/java/com/learning/english/service/ExamService.java:[111,42] cannot find symbol
[ERROR]   symbol:   class ExamUpdateRequest
[ERROR]   location: class com.learning.english.service.ExamService
[ERROR] /D:/1.khoaluantotnghiep/backend/english/src/main/java/com/learning/english/controller/ExamQuestionController.java:[5,40] cannot find symbol
[ERROR]   symbol:   class ExamQuestionManyRequest
[ERROR]   location: package com.learning.english.dto.request
[ERROR] /D:/1.khoaluantotnghiep/backend/english/src/main/java/com/learning/english/controller/ExamQuestionController.java:[40,38] cannot find symbol
[ERROR]   symbol:   class ExamQuestionManyRequest
[ERROR]   location: class com.learning.english.controller.ExamQuestionController
[ERROR] /D:/1.khoaluantotnghiep/backend/english/src/main/java/com/learning/english/controller/LessonController.java:[19,40] cannot find symbol
[ERROR]   symbol:   class ReorderCourseItemsRequest
[ERROR]   location: package com.learning.english.dto.request
[ERROR] /D:/1.khoaluantotnghiep/backend/english/src/main/java/com/learning/english/controller/LessonController.java:[26,36] cannot find symbol
[ERROR]   symbol:   class CourseItemService
[ERROR]   location: package com.learning.english.service
[ERROR] /D:/1.khoaluantotnghiep/backend/english/src/main/java/com/learning/english/controller/LessonController.java:[36,9] cannot find symbol
[ERROR]   symbol:   class CourseItemService
[ERROR]   location: class com.learning.english.controller.LessonController
[ERROR] /D:/1.khoaluantotnghiep/backend/english/src/main/java/com/learning/english/controller/LessonController.java:[46,38] cannot find symbol
[ERROR]   symbol:   class ReorderCourseItemsRequest
[ERROR]   location: class com.learning.english.controller.LessonController
[ERROR] /D:/1.khoaluantotnghiep/backend/english/src/main/java/com/learning/english/controller/VideoController.java:[11,40] cannot find symbol
[ERROR]   symbol:   class VideoUpdateRequest
[ERROR]   location: package com.learning.english.dto.request
[ERROR] /D:/1.khoaluantotnghiep/backend/english/src/main/java/com/learning/english/service/VideoService.java:[14,40] cannot find symbol
[ERROR]   symbol:   class VideoUpdateRequest
[ERROR]   location: package com.learning.english.dto.request
[ERROR] /D:/1.khoaluantotnghiep/backend/english/src/main/java/com/learning/english/controller/VideoController.java:[32,101] cannot find symbol
[ERROR]   symbol:   class VideoUpdateRequest
[ERROR]   location: class com.learning.english.controller.VideoController
[ERROR] /D:/1.khoaluantotnghiep/backend/english/src/main/java/com/learning/english/service/VideoService.java:[92,66] cannot find symbol
[ERROR]   symbol:   class VideoUpdateRequest
[ERROR]   location: class com.learning.english.service.VideoService
[ERROR] -> [Help 1]
[ERROR] 
[ERROR] To see the full stack trace of the errors, re-run Maven with the -e switch.
[ERROR] Re-run Maven using the -X switch to enable full debug logging.
[ERROR] 
[ERROR] For more information about the errors and possible solutions, please read the following articles:
[ERROR] [Help 1] http://cwiki.apache.org/confluence/display/MAVEN/MojoFailureException
